../Core/Src/main.c:99:5:main	8	static
../Core/Src/main.c:153:6:SystemClock_Config	120	static
../Core/Src/main.c:216:13:MX_TIM6_Init	24	static
../Core/Src/main.c:254:13:MX_TIM7_Init	24	static
../Core/Src/main.c:292:13:MX_GPIO_Init	48	static
../Core/Src/main.c:341:6:set_led_state	16	static
../Core/Src/main.c:367:6:delay_ms	24	static
../Core/Src/main.c:441:6:HAL_GPIO_EXTI_Callback	16	static,ignoring_inline_asm
../Core/Src/main.c:456:6:HAL_TIM_PeriodElapsedCallback	16	static
../Core/Src/main.c:480:6:MPU_Config	24	static
../Core/Src/main.c:511:6:Error_Handler	4	static,ignoring_inline_asm
