../Core/Src/main.c:105:5:main	8	static
../Core/Src/main.c:159:6:SystemClock_Config	120	static
../Core/Src/main.c:222:13:MX_TIM6_Init	24	static
../Core/Src/main.c:260:13:MX_TIM7_Init	24	static
../Core/Src/main.c:298:13:MX_GPIO_Init	48	static
../Core/Src/main.c:347:6:set_led_state	16	static
../Core/Src/main.c:373:6:detect_button_state	16	static
../Core/Src/main.c:422:6:HAL_GPIO_EXTI_Callback	16	static
../Core/Src/main.c:462:6:HAL_TIM_PeriodElapsedCallback	16	static
../Core/Src/main.c:499:6:MPU_Config	24	static
../Core/Src/main.c:530:6:Error_Handler	4	static,ignoring_inline_asm
